// Jest Snapshot v1, https://goo.gl/fbAQLP

exports[`Separator should match snapshot 1`] = `
.c0 {
  color: var(--color-text-body);
  display: inline-flex;
  padding: 0 0.5rem;
}

<div>
  <div
    class="c0"
    role="separator"
  >
    -
  </div>
</div>
`;
